// Jest Snapshot v1, https://goo.gl/fbAQLP

exports[`<Login /> should render snapshot Login 1`] = `
<div
  className="flex flex-col bg-logo bg-cover"
>
  <form
    onSubmit={[Function]}
  >
    <div
      className="container flex-grow flex-shrink mx-auto mt-44"
    >
      <div
        className="bg-black text-white m-auto px-12 py-12 w-auto md:w-login bg-opacity-80 rounded"
      >
        <div
          className="text-4xl text-center"
        >
          Inicia sesión
        </div>
        <div
          className="my-9"
        >
          <input
            className="rounded w-full h-10 my-1.5 text-black indent-1"
            name="email"
            onChange={[Function]}
            placeholder="Email o número de teléfono"
            required={true}
            type="email"
            value=""
          />
          <input
            className="rounded w-full h-10 my-1.5 text-black indent-1"
            name="password"
            onChange={[Function]}
            placeholder="Contraseña"
            required={true}
            type="password"
            value=""
          />
        </div>
        <input
          className="w-full h-11 text-center rounded cursor-pointer bg-button"
          disabled={false}
          type="submit"
          value="Iniciar sesión"
        />
        <div
          className="flex items-center my-3"
        >
          <div
            className="w-1/2 flex"
          >
            <div
              className="flex items-center"
            >
              <input
                className="mr-5 w-5 h-5 bg-coolGray-400"
                type="checkbox"
              />
            </div>
            Recuerdame
          </div>
          <div
            className="w-1/2 flex justify-end"
          >
            Necesitas ayuda?
          </div>
        </div>
        <div
          className="my-10 flex justify-center items-center"
        >
          <img
            alt=""
            className="mr-4"
            src="fb.png"
          />
          Iniciar sesión con Facebook
        </div>
        <div
          className="text-center"
        >
          ¿Primera vez en Movy?
          <span
            className="font-bold"
          >
            Suscríbete ya.
          </span>
        </div>
      </div>
    </div>
    <div
      className="h-40 bglinear-black"
    />
  </form>
</div>
`;
