// Jest Snapshot v1, https://goo.gl/fbAQLP

exports[`<Login /> should render snapshot Login 1`] = `
<DocumentFragment>
  <div
    class="flex flex-col bg-logo bg-cover"
  >
    <form>
      <div
        class="container flex-grow flex-shrink mx-auto mt-44"
      >
        <div
          class="bg-black text-white m-auto px-12 py-12 w-auto md:w-login bg-opacity-80 rounded"
        >
          <div
            class="text-4xl text-center"
          >
            Inicia sesión
          </div>
          <div
            class="my-9"
          >
            <input
              class="rounded w-full h-10 my-1.5 text-black indent-1"
              name="email"
              placeholder="Email o número de teléfono"
              required=""
              type="email"
              value=""
            />
            <input
              class="rounded w-full h-10 my-1.5 text-black indent-1"
              name="password"
              placeholder="Contraseña"
              required=""
              type="password"
              value=""
            />
          </div>
          <input
            class="w-full h-11 text-center rounded cursor-pointer bg-button"
            type="submit"
            value="Iniciar sesión"
          />
          <div
            class="flex items-center my-3"
          >
            <div
              class="w-1/2 flex"
            >
              <div
                class="flex items-center"
              >
                <input
                  class="mr-5 w-5 h-5 bg-coolGray-400"
                  type="checkbox"
                />
              </div>
              Recuerdame
            </div>
            <div
              class="w-1/2 flex justify-end"
            >
              Necesitas ayuda?
            </div>
          </div>
          <div
            class="my-10 flex justify-center items-center"
          >
            <img
              alt=""
              class="mr-4"
              src="fb.png"
            />
            Iniciar sesión con Facebook
          </div>
          <div
            class="text-center"
          >
            ¿Primera vez en Movy?
            <span
              class="font-bold"
            >
              Suscríbete ya.
            </span>
          </div>
        </div>
      </div>
      <div
        class="h-40 bglinear-black"
      />
    </form>
  </div>
</DocumentFragment>
`;
