// Jest Snapshot v1, https://goo.gl/fbAQLP

exports[`<Home /> should render snapshot Home 1`] = `
<div
  className="bg-black flex flex-col flex-grow text-white"
>
  <div
    className="container mx-auto my-40"
  >
    <div
      className="flex mb-4 flex-col md:flex-row"
    >
      <div
        className="flex"
      >
        <div>
          2019 . Action, Thiller
        </div>
        <div
          className="flex items-center ml-20"
        >
          <img
            alt=""
            className="w-5 mr-3"
            src="save.png"
          />
          Watch Later
        </div>
      </div>
      <div
        className="flex items-center mt-3 md:mt-0 md:ml-20 relative  "
      >
        <div
          onClick={[Function]}
        >
          <div
            className="flex cursor-pointer"
          >
            <img
              alt=""
              className="w-7 h-7 mr-3"
              src="add.png"
            />
            add to list
          </div>
          <div
            className="flex flex-col bg-blue-500 p-3 rounded top-8 min-w-full w-max text-center hidden"
            onMouseLeave={[Function]}
          >
            <div
              className="cursor-pointer hover:font-bold"
              data-testid="user-list"
              onClick={[Function]}
            >
              Rafael's list
            </div>
            <div
              className="cursor-pointer font-bold  text-lg"
              onClick={[Function]}
            >
              Create new List
            </div>
          </div>
        </div>
      </div>
    </div>
    <div
      className="text-6xl font-black "
    >
      International Research Orchestrator
    </div>
    <div
      className="flex mt-3 mb-16 items-center justify-around md:justify-start"
    >
      <div
        className="bg-pink-600 px-2 py-0.5 rounded md:mr-5 text-sm flex items-center"
        style={
          Object {
            "height": "fit-content",
          }
        }
      >
        2.30h
      </div>
      <div
        className="mx-10 md:mr-6 text-lg flex items-center text-center flex-col md:flex-row"
      >
        <img
          alt=""
          className="w-6 mr-3"
          src="camera.png"
        />
        <div>
          Quentien cuarentino
        </div>
      </div>
      <div
        className="flex items-center"
      >
        <img
          alt=""
          className="w-4 mr-1"
          src="star.png"
        />
        <img
          alt=""
          className="w-4 mr-1"
          src="star.png"
        />
        <img
          alt=""
          className="w-4 mr-1"
          src="star.png"
        />
        <img
          alt=""
          className="w-4 mr-1"
          src="star.png"
        />
      </div>
    </div>
    <div
      className="w-2/3 overflow-hidden relative m-auto "
      style={
        Object {
          "height": "500px",
        }
      }
    >
      <div
        className="absolute w-full h-full bg-black opacity-50"
      />
      <div
        className="absolute w-full h-full  flex justify-center items-center opacity-80"
      >
        <img
          alt=""
          className="w-40 cursor-pointer"
          data-testid="play-video"
          onClick={[Function]}
          src="bt_play.png"
        />
      </div>
    </div>
  </div>
</div>
`;
